=========================================================================
Log Path:
C:/Users/B508680/Documents/phylo_simulation/phylo_simulation/log/codeNAsimulation_log.log
Working Directory: C:/Users/B508680/Documents/phylo_simulation/phylo_simulation
User Name: B508680
R Version: 4.4.0 (2024-04-24 ucrt)
Machine: C2201598 x86-64
Operating System: Windows 10 x64 build 26200
Base Packages: stats4 stats graphics grDevices utils datasets methods base
Other Packages: Biostrings_2.74.1 GenomeInfoDb_1.42.3 XVector_0.46.0
IRanges_2.40.1 S4Vectors_0.44.0 BiocGenerics_0.52.0 logr_1.3.9 common_1.1.5
phangorn_2.12.1 ape_5.8-1 seqinr_4.2-36 lubridate_1.9.5 forcats_1.0.1
stringr_1.6.0 dplyr_1.2.1 purrr_1.2.2 readr_2.2.0 tidyr_1.3.2 tibble_3.3.1
ggplot2_4.0.3 tidyverse_2.0.0 nosoi_1.1.2 data.table_1.18.4
Log Start Time: 2026-09-04 11:20:58.35507
=========================================================================

Simulation seed set to: 12092

Starting transmission simulation Timepoint: 11:20:58 Max infected: 10000 Time
limit: 365

Transmission simulation complete. Time elapsed: 0.13 mins

=========================================================================

Applying HKY substitution model Timepoint: 11:21:06

Mutation rate: 0.0076 Transversion rate: 1.3107519587407e-05 Transition rate:
5.89838381433317e-05 Kappa: 4.5

Reference base composition: a=590, c=333, g=361, t=417

RStudio not running
Traceback:
8: stopifnot(length(n) == 1L)
7: sample.int(length(x), size, replace, prob)
6: sample(bases, size = 1, prob = P_t[b, ])
5: FUN(X[[i]], ...)
4: vapply(infector_seq, function(b) {
       sample(bases, size = 1, prob = P_t[b, ])
   }, character(1))
3: evolve(host_table, E, E_1, eigvals, bases)
2: hky_nosoi(ref_genome = ref_genome, host_data = host_data)
1: run_simulation(max_infections = max_infections, sim_length = sim_length, 
       seed = seed, out_dir = out_dir)

=========================================================================
Log End Time: 2026-09-04 11:21:58.267862
Log Elapsed Time: 0 00:00:59
=========================================================================
